Archive member included to satisfy reference by file (symbol)

c:/program files (x86)/atmel/studio/7.0/toolchain/avr8/avr8-gnu-toolchain/bin/../lib/gcc/avr/5.4.0/avr5\libgcc.a(_exit.o)
                              C:/Program Files (x86)/Atmel/Studio/7.0/Packs/atmel/ATmega_DFP/1.6.364/gcc/dev/atmega32/avr5/crtatmega32.o (exit)
c:/program files (x86)/atmel/studio/7.0/toolchain/avr8/avr8-gnu-toolchain/bin/../lib/gcc/avr/5.4.0/avr5\libgcc.a(_clear_bss.o)
                              MCAL/TIMER0/TIMER0.o (__do_clear_bss)

Discarded input sections

 .data          0x00000000        0x0 C:/Program Files (x86)/Atmel/Studio/7.0/Packs/atmel/ATmega_DFP/1.6.364/gcc/dev/atmega32/avr5/crtatmega32.o
 .bss           0x00000000        0x0 C:/Program Files (x86)/Atmel/Studio/7.0/Packs/atmel/ATmega_DFP/1.6.364/gcc/dev/atmega32/avr5/crtatmega32.o
 .text          0x00000000        0x0 APP/main.o
 .data          0x00000000        0x0 APP/main.o
 .bss           0x00000000        0x0 APP/main.o
 .text          0x00000000        0x0 ECUAL/LED/LED.o
 .data          0x00000000        0x0 ECUAL/LED/LED.o
 .bss           0x00000000        0x0 ECUAL/LED/LED.o
 .text.LED_u8Init
                0x00000000       0x10 ECUAL/LED/LED.o
 .text.LED_u8On
                0x00000000       0x10 ECUAL/LED/LED.o
 .text.LED_u8Off
                0x00000000       0x10 ECUAL/LED/LED.o
 .text.LED_u8Toggle
                0x00000000        0xe ECUAL/LED/LED.o
 .debug_info    0x00000000      0x1ee ECUAL/LED/LED.o
 .debug_abbrev  0x00000000       0xd2 ECUAL/LED/LED.o
 .debug_loc     0x00000000       0xdc ECUAL/LED/LED.o
 .debug_aranges
                0x00000000       0x38 ECUAL/LED/LED.o
 .debug_ranges  0x00000000       0x28 ECUAL/LED/LED.o
 .debug_line    0x00000000      0x131 ECUAL/LED/LED.o
 .debug_str     0x00000000      0x1df ECUAL/LED/LED.o
 .comment       0x00000000       0x31 ECUAL/LED/LED.o
 .debug_frame   0x00000000       0x54 ECUAL/LED/LED.o
 .text          0x00000000        0x0 LIB/STRING.o
 .data          0x00000000        0x0 LIB/STRING.o
 .bss           0x00000000        0x0 LIB/STRING.o
 .text.Compare_Str
                0x00000000       0x2e LIB/STRING.o
 .text.arrBits_toInt
                0x00000000       0x20 LIB/STRING.o
 .debug_info    0x00000000      0x10d LIB/STRING.o
 .debug_abbrev  0x00000000       0x7c LIB/STRING.o
 .debug_loc     0x00000000       0xaf LIB/STRING.o
 .debug_aranges
                0x00000000       0x28 LIB/STRING.o
 .debug_ranges  0x00000000       0x18 LIB/STRING.o
 .debug_line    0x00000000       0xd8 LIB/STRING.o
 .debug_str     0x00000000      0x1a1 LIB/STRING.o
 .comment       0x00000000       0x31 LIB/STRING.o
 .debug_frame   0x00000000       0x34 LIB/STRING.o
 .text          0x00000000        0x0 MCAL/DIO/DIO.o
 .data          0x00000000        0x0 MCAL/DIO/DIO.o
 .bss           0x00000000        0x0 MCAL/DIO/DIO.o
 .text.DIO_u8SetPortDirection
                0x00000000       0xe6 MCAL/DIO/DIO.o
 .text.DIO_u8SetPinDirection
                0x00000000      0x1ec MCAL/DIO/DIO.o
 .text.DIO_u8SetPortData
                0x00000000       0x2c MCAL/DIO/DIO.o
 .text.DIO_u8SetPinData
                0x00000000       0xf4 MCAL/DIO/DIO.o
 .text.DIO_u8GetPortData
                0x00000000       0x3c MCAL/DIO/DIO.o
 .text.DIO_u8GetPinData
                0x00000000       0x7c MCAL/DIO/DIO.o
 .text.DIO_u8TogglePortData
                0x00000000       0x3c MCAL/DIO/DIO.o
 .text.DIO_u8TogglePinData
                0x00000000       0x7c MCAL/DIO/DIO.o
 .debug_info    0x00000000      0x2fc MCAL/DIO/DIO.o
 .debug_abbrev  0x00000000       0xfd MCAL/DIO/DIO.o
 .debug_loc     0x00000000      0x840 MCAL/DIO/DIO.o
 .debug_aranges
                0x00000000       0x58 MCAL/DIO/DIO.o
 .debug_ranges  0x00000000       0x48 MCAL/DIO/DIO.o
 .debug_line    0x00000000      0x61a MCAL/DIO/DIO.o
 .debug_str     0x00000000      0x213 MCAL/DIO/DIO.o
 .comment       0x00000000       0x31 MCAL/DIO/DIO.o
 .debug_frame   0x00000000       0x94 MCAL/DIO/DIO.o
 .text          0x00000000        0x0 MCAL/TIMER0/TIMER0.o
 .data          0x00000000        0x0 MCAL/TIMER0/TIMER0.o
 .bss           0x00000000        0x0 MCAL/TIMER0/TIMER0.o
 .text.TIMER0_u8Start
                0x00000000       0x3a MCAL/TIMER0/TIMER0.o
 .text.TIMER0_u8Stop
                0x00000000       0x44 MCAL/TIMER0/TIMER0.o
 .text.TIMER0_u8ISRDelay_ms
                0x00000000       0x3a MCAL/TIMER0/TIMER0.o
 .text.TIMER0_u8PollingDelay_ms
                0x00000000       0x4c MCAL/TIMER0/TIMER0.o
 .text          0x00000000        0x0 MCAL/UART/UART.o
 .data          0x00000000        0x0 MCAL/UART/UART.o
 .bss           0x00000000        0x0 MCAL/UART/UART.o
 .text          0x00000000        0x0 c:/program files (x86)/atmel/studio/7.0/toolchain/avr8/avr8-gnu-toolchain/bin/../lib/gcc/avr/5.4.0/avr5\libgcc.a(_exit.o)
 .data          0x00000000        0x0 c:/program files (x86)/atmel/studio/7.0/toolchain/avr8/avr8-gnu-toolchain/bin/../lib/gcc/avr/5.4.0/avr5\libgcc.a(_exit.o)
 .bss           0x00000000        0x0 c:/program files (x86)/atmel/studio/7.0/toolchain/avr8/avr8-gnu-toolchain/bin/../lib/gcc/avr/5.4.0/avr5\libgcc.a(_exit.o)
 .text.libgcc.mul
                0x00000000        0x0 c:/program files (x86)/atmel/studio/7.0/toolchain/avr8/avr8-gnu-toolchain/bin/../lib/gcc/avr/5.4.0/avr5\libgcc.a(_exit.o)
 .text.libgcc.div
                0x00000000        0x0 c:/program files (x86)/atmel/studio/7.0/toolchain/avr8/avr8-gnu-toolchain/bin/../lib/gcc/avr/5.4.0/avr5\libgcc.a(_exit.o)
 .text.libgcc   0x00000000        0x0 c:/program files (x86)/atmel/studio/7.0/toolchain/avr8/avr8-gnu-toolchain/bin/../lib/gcc/avr/5.4.0/avr5\libgcc.a(_exit.o)
 .text.libgcc.prologue
                0x00000000        0x0 c:/program files (x86)/atmel/studio/7.0/toolchain/avr8/avr8-gnu-toolchain/bin/../lib/gcc/avr/5.4.0/avr5\libgcc.a(_exit.o)
 .text.libgcc.builtins
                0x00000000        0x0 c:/program files (x86)/atmel/studio/7.0/toolchain/avr8/avr8-gnu-toolchain/bin/../lib/gcc/avr/5.4.0/avr5\libgcc.a(_exit.o)
 .text.libgcc.fmul
                0x00000000        0x0 c:/program files (x86)/atmel/studio/7.0/toolchain/avr8/avr8-gnu-toolchain/bin/../lib/gcc/avr/5.4.0/avr5\libgcc.a(_exit.o)
 .text.libgcc.fixed
                0x00000000        0x0 c:/program files (x86)/atmel/studio/7.0/toolchain/avr8/avr8-gnu-toolchain/bin/../lib/gcc/avr/5.4.0/avr5\libgcc.a(_exit.o)
 .text          0x00000000        0x0 c:/program files (x86)/atmel/studio/7.0/toolchain/avr8/avr8-gnu-toolchain/bin/../lib/gcc/avr/5.4.0/avr5\libgcc.a(_clear_bss.o)
 .data          0x00000000        0x0 c:/program files (x86)/atmel/studio/7.0/toolchain/avr8/avr8-gnu-toolchain/bin/../lib/gcc/avr/5.4.0/avr5\libgcc.a(_clear_bss.o)
 .bss           0x00000000        0x0 c:/program files (x86)/atmel/studio/7.0/toolchain/avr8/avr8-gnu-toolchain/bin/../lib/gcc/avr/5.4.0/avr5\libgcc.a(_clear_bss.o)
 .text.libgcc.mul
                0x00000000        0x0 c:/program files (x86)/atmel/studio/7.0/toolchain/avr8/avr8-gnu-toolchain/bin/../lib/gcc/avr/5.4.0/avr5\libgcc.a(_clear_bss.o)
 .text.libgcc.div
                0x00000000        0x0 c:/program files (x86)/atmel/studio/7.0/toolchain/avr8/avr8-gnu-toolchain/bin/../lib/gcc/avr/5.4.0/avr5\libgcc.a(_clear_bss.o)
 .text.libgcc   0x00000000        0x0 c:/program files (x86)/atmel/studio/7.0/toolchain/avr8/avr8-gnu-toolchain/bin/../lib/gcc/avr/5.4.0/avr5\libgcc.a(_clear_bss.o)
 .text.libgcc.prologue
                0x00000000        0x0 c:/program files (x86)/atmel/studio/7.0/toolchain/avr8/avr8-gnu-toolchain/bin/../lib/gcc/avr/5.4.0/avr5\libgcc.a(_clear_bss.o)
 .text.libgcc.builtins
                0x00000000        0x0 c:/program files (x86)/atmel/studio/7.0/toolchain/avr8/avr8-gnu-toolchain/bin/../lib/gcc/avr/5.4.0/avr5\libgcc.a(_clear_bss.o)
 .text.libgcc.fmul
                0x00000000        0x0 c:/program files (x86)/atmel/studio/7.0/toolchain/avr8/avr8-gnu-toolchain/bin/../lib/gcc/avr/5.4.0/avr5\libgcc.a(_clear_bss.o)
 .text.libgcc.fixed
                0x00000000        0x0 c:/program files (x86)/atmel/studio/7.0/toolchain/avr8/avr8-gnu-toolchain/bin/../lib/gcc/avr/5.4.0/avr5\libgcc.a(_clear_bss.o)

Memory Configuration

Name             Origin             Length             Attributes
text             0x00000000         0x00008000         xr
data             0x00800060         0x00000800         rw !x
eeprom           0x00810000         0x00000400         rw !x
fuse             0x00820000         0x00000002         rw !x
lock             0x00830000         0x00000400         rw !x
signature        0x00840000         0x00000400         rw !x
user_signatures  0x00850000         0x00000400         rw !x
*default*        0x00000000         0xffffffff

Linker script and memory map

LOAD C:/Program Files (x86)/Atmel/Studio/7.0/Packs/atmel/ATmega_DFP/1.6.364/gcc/dev/atmega32/avr5/crtatmega32.o
LOAD APP/main.o
LOAD ECUAL/LED/LED.o
LOAD LIB/STRING.o
LOAD MCAL/DIO/DIO.o
LOAD MCAL/TIMER0/TIMER0.o
LOAD MCAL/UART/UART.o
START GROUP
LOAD c:/program files (x86)/atmel/studio/7.0/toolchain/avr8/avr8-gnu-toolchain/bin/../lib/gcc/avr/5.4.0/../../../../avr/lib/avr5\libm.a
END GROUP
START GROUP
LOAD c:/program files (x86)/atmel/studio/7.0/toolchain/avr8/avr8-gnu-toolchain/bin/../lib/gcc/avr/5.4.0/avr5\libgcc.a
LOAD c:/program files (x86)/atmel/studio/7.0/toolchain/avr8/avr8-gnu-toolchain/bin/../lib/gcc/avr/5.4.0/../../../../avr/lib/avr5\libm.a
LOAD c:/program files (x86)/atmel/studio/7.0/toolchain/avr8/avr8-gnu-toolchain/bin/../lib/gcc/avr/5.4.0/../../../../avr/lib/avr5\libc.a
LOAD C:/Program Files (x86)/Atmel/Studio/7.0/Packs/atmel/ATmega_DFP/1.6.364/gcc/dev/atmega32/avr5\libatmega32.a
END GROUP
                0x00000000                __TEXT_REGION_ORIGIN__ = DEFINED (__TEXT_REGION_ORIGIN__)?__TEXT_REGION_ORIGIN__:0x0
                [0x00800060]                __DATA_REGION_ORIGIN__ = DEFINED (__DATA_REGION_ORIGIN__)?__DATA_REGION_ORIGIN__:0x800060
                [0x00008000]                __TEXT_REGION_LENGTH__ = DEFINED (__TEXT_REGION_LENGTH__)?__TEXT_REGION_LENGTH__:0x20000
                [0x00000800]                __DATA_REGION_LENGTH__ = DEFINED (__DATA_REGION_LENGTH__)?__DATA_REGION_LENGTH__:0xffa0
                [0x00000400]                __EEPROM_REGION_LENGTH__ = DEFINED (__EEPROM_REGION_LENGTH__)?__EEPROM_REGION_LENGTH__:0x10000
                [0x00000002]                __FUSE_REGION_LENGTH__ = DEFINED (__FUSE_REGION_LENGTH__)?__FUSE_REGION_LENGTH__:0x400
                0x00000400                __LOCK_REGION_LENGTH__ = DEFINED (__LOCK_REGION_LENGTH__)?__LOCK_REGION_LENGTH__:0x400
                0x00000400                __SIGNATURE_REGION_LENGTH__ = DEFINED (__SIGNATURE_REGION_LENGTH__)?__SIGNATURE_REGION_LENGTH__:0x400
                0x00000400                __USER_SIGNATURE_REGION_LENGTH__ = DEFINED (__USER_SIGNATURE_REGION_LENGTH__)?__USER_SIGNATURE_REGION_LENGTH__:0x400

.hash
 *(.hash)

.dynsym
 *(.dynsym)

.dynstr
 *(.dynstr)

.gnu.version
 *(.gnu.version)

.gnu.version_d
 *(.gnu.version_d)

.gnu.version_r
 *(.gnu.version_r)

.rel.init
 *(.rel.init)

.rela.init
 *(.rela.init)

.rel.text
 *(.rel.text)
 *(.rel.text.*)
 *(.rel.gnu.linkonce.t*)

.rela.text
 *(.rela.text)
 *(.rela.text.*)
 *(.rela.gnu.linkonce.t*)

.rel.fini
 *(.rel.fini)

.rela.fini
 *(.rela.fini)

.rel.rodata
 *(.rel.rodata)
 *(.rel.rodata.*)
 *(.rel.gnu.linkonce.r*)

.rela.rodata
 *(.rela.rodata)
 *(.rela.rodata.*)
 *(.rela.gnu.linkonce.r*)

.rel.data
 *(.rel.data)
 *(.rel.data.*)
 *(.rel.gnu.linkonce.d*)

.rela.data
 *(.rela.data)
 *(.rela.data.*)
 *(.rela.gnu.linkonce.d*)

.rel.ctors
 *(.rel.ctors)

.rela.ctors
 *(.rela.ctors)

.rel.dtors
 *(.rel.dtors)

.rela.dtors
 *(.rela.dtors)

.rel.got
 *(.rel.got)

.rela.got
 *(.rela.got)

.rel.bss
 *(.rel.bss)

.rela.bss
 *(.rela.bss)

.rel.plt
 *(.rel.plt)

.rela.plt
 *(.rela.plt)

.text           0x00000000      0x26a
 *(.vectors)
 .vectors       0x00000000       0x54 C:/Program Files (x86)/Atmel/Studio/7.0/Packs/atmel/ATmega_DFP/1.6.364/gcc/dev/atmega32/avr5/crtatmega32.o
                0x00000000                __vector_default
                0x00000000                __vectors
 *(.vectors)
 *(.progmem.gcc*)
                0x00000054                . = ALIGN (0x2)
                0x00000054                __trampolines_start = .
 *(.trampolines)
 .trampolines   0x00000054        0x0 linker stubs
 *(.trampolines*)
                0x00000054                __trampolines_end = .
 *libprintf_flt.a:*(.progmem.data)
 *libc.a:*(.progmem.data)
 *(.progmem*)
                0x00000054                . = ALIGN (0x2)
 *(.jumptables)
 *(.jumptables*)
 *(.lowtext)
 *(.lowtext*)
                0x00000054                __ctors_start = .
 *(.ctors)
                0x00000054                __ctors_end = .
                0x00000054                __dtors_start = .
 *(.dtors)
                0x00000054                __dtors_end = .
 SORT(*)(.ctors)
 SORT(*)(.dtors)
 *(.init0)
 .init0         0x00000054        0x0 C:/Program Files (x86)/Atmel/Studio/7.0/Packs/atmel/ATmega_DFP/1.6.364/gcc/dev/atmega32/avr5/crtatmega32.o
                0x00000054                __init
 *(.init0)
 *(.init1)
 *(.init1)
 *(.init2)
 .init2         0x00000054        0xc C:/Program Files (x86)/Atmel/Studio/7.0/Packs/atmel/ATmega_DFP/1.6.364/gcc/dev/atmega32/avr5/crtatmega32.o
 *(.init2)
 *(.init3)
 *(.init3)
 *(.init4)
 .init4         0x00000060       0x10 c:/program files (x86)/atmel/studio/7.0/toolchain/avr8/avr8-gnu-toolchain/bin/../lib/gcc/avr/5.4.0/avr5\libgcc.a(_clear_bss.o)
                0x00000060                __do_clear_bss
 *(.init4)
 *(.init5)
 *(.init5)
 *(.init6)
 *(.init6)
 *(.init7)
 *(.init7)
 *(.init8)
 *(.init8)
 *(.init9)
 .init9         0x00000070        0x8 C:/Program Files (x86)/Atmel/Studio/7.0/Packs/atmel/ATmega_DFP/1.6.364/gcc/dev/atmega32/avr5/crtatmega32.o
 *(.init9)
 *(.text)
 .text          0x00000078        0x4 C:/Program Files (x86)/Atmel/Studio/7.0/Packs/atmel/ATmega_DFP/1.6.364/gcc/dev/atmega32/avr5/crtatmega32.o
                0x00000078                __vector_1
                0x00000078                __vector_12
                0x00000078                __bad_interrupt
                0x00000078                __vector_6
                0x00000078                __vector_3
                0x00000078                __vector_11
                0x00000078                __vector_13
                0x00000078                __vector_17
                0x00000078                __vector_19
                0x00000078                __vector_7
                0x00000078                __vector_5
                0x00000078                __vector_4
                0x00000078                __vector_9
                0x00000078                __vector_2
                0x00000078                __vector_15
                0x00000078                __vector_8
                0x00000078                __vector_14
                0x00000078                __vector_16
                0x00000078                __vector_18
                0x00000078                __vector_20
                0x0000007c                . = ALIGN (0x2)
 *(.text.*)
 .text.main     0x0000007c       0x34 APP/main.o
                0x0000007c                main
 .text.TIMER0_u8Init
                0x000000b0       0x44 MCAL/TIMER0/TIMER0.o
                0x000000b0                TIMER0_u8Init
 .text.__vector_10
                0x000000f4       0x94 MCAL/TIMER0/TIMER0.o
                0x000000f4                __vector_10
 .text.UART_u8Init
                0x00000188       0x50 MCAL/UART/UART.o
                0x00000188                UART_u8Init
 .text.UART_u8SendByte
                0x000001d8        0xc MCAL/UART/UART.o
                0x000001d8                UART_u8SendByte
 .text.UART_u8ReceiveByte
                0x000001e4       0x16 MCAL/UART/UART.o
                0x000001e4                UART_u8ReceiveByte
 .text.UART_u8SendString
                0x000001fa       0x26 MCAL/UART/UART.o
                0x000001fa                UART_u8SendString
 .text.UART_u8ReceiveString
                0x00000220       0x46 MCAL/UART/UART.o
                0x00000220                UART_u8ReceiveString
                0x00000266                . = ALIGN (0x2)
 *(.fini9)
 .fini9         0x00000266        0x0 c:/program files (x86)/atmel/studio/7.0/toolchain/avr8/avr8-gnu-toolchain/bin/../lib/gcc/avr/5.4.0/avr5\libgcc.a(_exit.o)
                0x00000266                _exit
                0x00000266                exit
 *(.fini9)
 *(.fini8)
 *(.fini8)
 *(.fini7)
 *(.fini7)
 *(.fini6)
 *(.fini6)
 *(.fini5)
 *(.fini5)
 *(.fini4)
 *(.fini4)
 *(.fini3)
 *(.fini3)
 *(.fini2)
 *(.fini2)
 *(.fini1)
 *(.fini1)
 *(.fini0)
 .fini0         0x00000266        0x4 c:/program files (x86)/atmel/studio/7.0/toolchain/avr8/avr8-gnu-toolchain/bin/../lib/gcc/avr/5.4.0/avr5\libgcc.a(_exit.o)
 *(.fini0)
                0x0000026a                _etext = .

.data           0x00800060        0x0 load address 0x0000026a
                [!provide]                PROVIDE (__data_start, .)
 *(.data)
 *(.data*)
 *(.gnu.linkonce.d*)
 *(.rodata)
 *(.rodata*)
 *(.gnu.linkonce.r*)
                0x00800060                . = ALIGN (0x2)
                0x00800060                _edata = .
                [!provide]                PROVIDE (__data_end, .)

.bss            0x00800060        0x7
                0x00800060                PROVIDE (__bss_start, .)
 *(.bss)
 *(.bss*)
 .bss.delayCallBack
                0x00800060        0x2 MCAL/TIMER0/TIMER0.o
 .bss.delay_state
                0x00800062        0x1 MCAL/TIMER0/TIMER0.o
 .bss.counter   0x00800063        0x2 MCAL/TIMER0/TIMER0.o
 .bss.compare   0x00800065        0x2 MCAL/TIMER0/TIMER0.o
 *(COMMON)
                0x00800067                PROVIDE (__bss_end, .)
                0x0000026a                __data_load_start = LOADADDR (.data)
                0x0000026a                __data_load_end = (__data_load_start + SIZEOF (.data))

.noinit         0x00800067        0x0
                [!provide]                PROVIDE (__noinit_start, .)
 *(.noinit*)
                [!provide]                PROVIDE (__noinit_end, .)
                0x00800067                _end = .
                [!provide]                PROVIDE (__heap_start, .)

.eeprom         0x00810000        0x0
 *(.eeprom*)
                0x00810000                __eeprom_end = .

.fuse
 *(.fuse)
 *(.lfuse)
 *(.hfuse)
 *(.efuse)

.lock
 *(.lock*)

.signature
 *(.signature*)

.user_signatures
 *(.user_signatures*)

.stab
 *(.stab)

.stabstr
 *(.stabstr)

.stab.excl
 *(.stab.excl)

.stab.exclstr
 *(.stab.exclstr)

.stab.index
 *(.stab.index)

.stab.indexstr
 *(.stab.indexstr)

.comment        0x00000000       0x30
 *(.comment)
 .comment       0x00000000       0x30 APP/main.o
                                 0x31 (size before relaxing)
 .comment       0x00000030       0x31 MCAL/TIMER0/TIMER0.o
 .comment       0x00000030       0x31 MCAL/UART/UART.o

.note.gnu.avr.deviceinfo
                0x00000000       0x3c
 .note.gnu.avr.deviceinfo
                0x00000000       0x3c C:/Program Files (x86)/Atmel/Studio/7.0/Packs/atmel/ATmega_DFP/1.6.364/gcc/dev/atmega32/avr5/crtatmega32.o

.note.gnu.build-id
 *(.note.gnu.build-id)

.debug
 *(.debug)

.line
 *(.line)

.debug_srcinfo
 *(.debug_srcinfo)

.debug_sfnames
 *(.debug_sfnames)

.debug_aranges  0x00000000       0xa8
 *(.debug_aranges)
 .debug_aranges
                0x00000000       0x20 APP/main.o
 .debug_aranges
                0x00000020       0x48 MCAL/TIMER0/TIMER0.o
 .debug_aranges
                0x00000068       0x40 MCAL/UART/UART.o

.debug_pubnames
 *(.debug_pubnames)

.debug_info     0x00000000      0xa28
 *(.debug_info .gnu.linkonce.wi.*)
 .debug_info    0x00000000      0x4e6 C:/Program Files (x86)/Atmel/Studio/7.0/Packs/atmel/ATmega_DFP/1.6.364/gcc/dev/atmega32/avr5/crtatmega32.o
 .debug_info    0x000004e6      0x148 APP/main.o
 .debug_info    0x0000062e      0x21f MCAL/TIMER0/TIMER0.o
 .debug_info    0x0000084d      0x1db MCAL/UART/UART.o

.debug_abbrev   0x00000000      0x718
 *(.debug_abbrev)
 .debug_abbrev  0x00000000      0x4a3 C:/Program Files (x86)/Atmel/Studio/7.0/Packs/atmel/ATmega_DFP/1.6.364/gcc/dev/atmega32/avr5/crtatmega32.o
 .debug_abbrev  0x000004a3       0xba APP/main.o
 .debug_abbrev  0x0000055d       0xbc MCAL/TIMER0/TIMER0.o
 .debug_abbrev  0x00000619       0xff MCAL/UART/UART.o

.debug_line     0x00000000      0x62b
 *(.debug_line .debug_line.* .debug_line_end)
 .debug_line    0x00000000      0x116 C:/Program Files (x86)/Atmel/Studio/7.0/Packs/atmel/ATmega_DFP/1.6.364/gcc/dev/atmega32/avr5/crtatmega32.o
 .debug_line    0x00000116       0xd0 APP/main.o
 .debug_line    0x000001e6      0x26e MCAL/TIMER0/TIMER0.o
 .debug_line    0x00000454      0x1d7 MCAL/UART/UART.o

.debug_frame    0x00000000      0x17c
 *(.debug_frame)
 .debug_frame   0x00000000       0x38 APP/main.o
 .debug_frame   0x00000038       0xbc MCAL/TIMER0/TIMER0.o
 .debug_frame   0x000000f4       0x88 MCAL/UART/UART.o

.debug_str      0x00000000      0x430
 *(.debug_str)
 .debug_str     0x00000000      0x196 C:/Program Files (x86)/Atmel/Studio/7.0/Packs/atmel/ATmega_DFP/1.6.364/gcc/dev/atmega32/avr5/crtatmega32.o
 .debug_str     0x00000196      0x1a8 APP/main.o
                                0x1c1 (size before relaxing)
 .debug_str     0x0000033e       0xc0 MCAL/TIMER0/TIMER0.o
                                0x21c (size before relaxing)
 .debug_str     0x000003fe       0x32 MCAL/UART/UART.o
                                0x1d0 (size before relaxing)

.debug_loc      0x00000000      0x467
 *(.debug_loc)
 .debug_loc     0x00000000       0x48 APP/main.o
 .debug_loc     0x00000048      0x226 MCAL/TIMER0/TIMER0.o
 .debug_loc     0x0000026e      0x1f9 MCAL/UART/UART.o

.debug_macinfo
 *(.debug_macinfo)

.debug_weaknames
 *(.debug_weaknames)

.debug_funcnames
 *(.debug_funcnames)

.debug_typenames
 *(.debug_typenames)

.debug_varnames
 *(.debug_varnames)

.debug_pubtypes
 *(.debug_pubtypes)

.debug_ranges   0x00000000       0x78
 *(.debug_ranges)
 .debug_ranges  0x00000000       0x10 APP/main.o
 .debug_ranges  0x00000010       0x38 MCAL/TIMER0/TIMER0.o
 .debug_ranges  0x00000048       0x30 MCAL/UART/UART.o

.debug_macro
 *(.debug_macro)
OUTPUT(UART_TestApp.elf elf32-avr)
LOAD linker stubs
